../Core/Src/main.c:88:6:HCSR04_Read	16	static
../Core/Src/main.c:98:6:HAL_UART_RxCpltCallback	16	static
../Core/Src/main.c:119:6:HAL_UART_TxCpltCallback	16	static
../Core/Src/main.c:124:6:HAL_TIM_IC_CaptureCallback	16	static
../Core/Src/main.c:167:5:main	8	static
../Core/Src/main.c:219:6:SystemClock_Config	88	static
../Core/Src/main.c:266:13:MX_TIM2_Init	32	static
../Core/Src/main.c:314:13:MX_USART1_UART_Init	8	static
../Core/Src/main.c:347:13:MX_GPIO_Init	40	static
../Core/Src/main.c:390:6:Error_Handler	4	static,ignoring_inline_asm
