15:46:27 **** Build of configuration Debug for project Sensore ****
make -j8 all 
arm-none-eabi-gcc "../Core/Src/main.c" -mcpu=cortex-m4 -std=gnu11 -g3 -DDEBUG -DUSE_HAL_DRIVER -DSTM32F303xC -c -I../Core/Inc -I../Drivers/STM32F3xx_HAL_Driver/Inc/Legacy -I../Drivers/STM32F3xx_HAL_Driver/Inc -I../Drivers/CMSIS/Device/ST/STM32F3xx/Include -I../Drivers/CMSIS/Include -O0 -ffunction-sections -fdata-sections -Wall -fstack-usage -fcyclomatic-complexity -MMD -MP -MF"Core/Src/main.d" -MT"Core/Src/main.o" --specs=nano.specs -mfpu=fpv4-sp-d16 -mfloat-abi=hard -mthumb -o "Core/Src/main.o"
arm-none-eabi-gcc -o "Sensore.elf" @"objects.list"   -mcpu=cortex-m4 -T"C:\Users\mosca\OneDrive\Desktop\CSD\Sensore\STM32F303VCTX_FLASH.ld" --specs=nosys.specs -Wl,-Map="Sensore.map" -Wl,--gc-sections -static --specs=nano.specs -mfpu=fpv4-sp-d16 -mfloat-abi=hard -mthumb -Wl,--start-group -lc -lm -Wl,--end-group
Finished building target: Sensore.elf
 
arm-none-eabi-size   Sensore.elf 
arm-none-eabi-objdump -h -S  Sensore.elf  > "Sensore.list"
   text	   data	    bss	    dec	    hex	filename
  15008	     20	   1660	  16688	   4130	Sensore.elf
Finished building: default.size.stdout
 
Finished building: Sensore.list
 

15:46:28 Build Finished. 0 errors, 0 warnings. (took 1s.242ms)

